[www.hitpaw.net/sem/bing/voice-changer-product7af7.html]
[backblue.gif]
[fade.gif]
[index.html]
[www.hitpaw.net/sem/bing/voice-changer-product.html]
[assets.afirstsoft.com/rn-ui-live/css/rn-ui-hitpaw2-1.0.0.min.css]
[assets.afirstsoft.com/rn-ui-live/css-mobile/rn-ui-hitpaw2-1.0.0.min.css]
[images.hitpaw.com/images/voice/bg-sm.png]
[images.hitpaw.com/images/voice/wave1.png]
[images.hitpaw.com/images/voice/wave-bo.png]
[images.hitpaw.com/images/voice/banner-voice.png]
[images.hitpaw.com/images/voice/banner-mic.png]
[images.hitpaw.com/images/voice/sec10-sm.png]
[images.hitpaw.com/images/voice/banner-bg.png]
[images.hitpaw.com/images/voice/sec4-tip.png]
[images.hitpaw.com/images/voice/sec10-wave.png]
[images.hitpaw.com/images/voice/banner-bg-lg.png]
[images.hitpaw.com/logos/voice-changeref38.png]
[images.hitpaw.com/hitpaw-2022/product-logo/video-editor.png]
[images.hitpaw.com/images/voice/voice-av11d14c.png]
[images.hitpaw.com/images/voice/voice-av13d14c.png]
[images.hitpaw.com/images/voice/voice-av12d14c.png]
[images.hitpaw.com/images/voice/voice-av14d14c.png]
[images.hitpaw.com/images/voice/voice-av15d14c.png]
[images.hitpaw.com/images/voice/banner-user1.png]
[images.hitpaw.com/images/voice/banner-user-sm.png]
[images.hitpaw.com/images/voice/gaming.png]
[images.hitpaw.com/images/voice/img1.png]
[images.hitpaw.com/images/voice/space-sm.png]
[images.hitpaw.com/images/voice/play-voice.png]
[images.hitpaw.com/images/voice/yada.png]
[images.hitpaw.com/images/voice/yada-sm.png]
[images.hitpaw.com/images/voice/mario.png]
[images.hitpaw.com/images/voice/mario-sm.png]
[images.hitpaw.com/images/voice/csgo.png]
[images.hitpaw.com/images/voice/csgo-sm.png]
[images.hitpaw.com/images/voice/liven.png]
[images.hitpaw.com/images/voice/liven-sm.png]
[images.hitpaw.com/images/voice/discord.png]
[images.hitpaw.com/images/voice/discord-sm.png]
[images.hitpaw.com/images/voice/twitch.png]
[images.hitpaw.com/images/voice/twitch-sm.png]
[images.hitpaw.com/images/voice/youtube.png]
[images.hitpaw.com/images/voice/youtube-sm.png]
[images.hitpaw.com/images/voice/facebook.png]
[images.hitpaw.com/images/voice/facebook-sm.png]
[images.hitpaw.com/images/voice/custom.png]
[images.hitpaw.com/images/voice/custom-sm.png]
[images.hitpaw.com/images/voice/zoom.png]
[images.hitpaw.com/images/voice/zoom-sm.png]
[images.hitpaw.com/images/voice/google.png]
[images.hitpaw.com/images/voice/google-sm.png]
[images.hitpaw.com/images/voice/skype.png]
[images.hitpaw.com/images/voice/skype-sm.png]
[images.hitpaw.com/images/voice/micro.png]
[images.hitpaw.com/images/voice/micsofe-sm.png]
[images.hitpaw.com/images/voice/box-1.png]
[images.hitpaw.com/images/voice/box-2.png]
[images.hitpaw.com/images/voice/sec11-user-2b4f3.png]
[images.hitpaw.com/images/voice/mic.png]
[images.hitpaw.com/images/voice/bo-1.png]
[images.hitpaw.com/images/voice/bo-248b41.png]
[images.hitpaw.com/images/voice/bo-213e9b.png]
[images.hitpaw.com/images/voice/bo-4.png]
[images.hitpaw.com/images/voice/bo-258b41.png]
[images.hitpaw.com/images/voice/bo-228b41.png]
[images.hitpaw.com/images/voice/bo-7.png]
[images.hitpaw.com/images/voice/bo-8.png]
[images.hitpaw.com/images/voice/bo-238b41.png]
[images.hitpaw.com/images/voice/bo-10.png]
[images.hitpaw.com/images/voice/bo-11.png]
[images.hitpaw.com/hitpaw-2022/product/voice-changer/step-banner-1.jpg]
[images.hitpaw.com/hitpaw-2022/product/voice-changer/step-banner-2.jpg]
[images.hitpaw.com/hitpaw-2022/product/voice-changer/step-banner-3.jpg]
[images.hitpaw.com/images/voice/bt-product-3911c.png]
[assets.afirstsoft.com/rn-ui-live/js/rn-ui-hitpaw2-1.0.0.min.js]
[images.hitpaw.com/images/voice/play-voice-bo.png]
[images.hitpaw.com/images/voice/success-cat.png]
[www.hitpaw.net/sem/bing/voice-changer-product7af7.html]
[www.hitpaw.net/sem/bing/voice-changer-product.html]
[images.hitpaw.com/hitpaw-2022/footer-bg-mobileea35.png]
[assets.afirstsoft.com/rn-ui-live/css/rn-ui-hitpaw2-1.0.0.min.css]
[images.hitpaw.com/hitpaw-2022/footer-bg9685.png]
[assets.afirstsoft.com/rn-ui-live/css-mobile/rn-ui-hitpaw2-1.0.0.min.css]
[www.googletagmanager.com/gtm5445.html]
[www.hitpaw.net/sem/bing/Chrome/index.html]
[www.hitpaw.net/sem/bing/Chrome/index.html]
[polyfill.io/v3/polyfill.min1f06.html]
