[voicechanger.net/index.html]
[backblue.gif]
[fade.gif]
[index.html]
[voicechanger.net/favicon.ico]
[maxcdn.bootstrapcdn.com/bootstrap/3.2.0/css/bootstrap.min.css]
[voicechanger.net/css/icon-moon.css]
[maxcdn.bootstrapcdn.com/font-awesome/4.2.0/css/font-awesome.min.css]
[voicechanger.net/css/style3.min.css]
[voicechanger.net/js/libs/modernizr.custom.js]
[voicechanger.net/img/logo-dark.png]
[voicechanger.net/help.html]
[voicechanger.net/install.html]
[voicechanger.net/images/-fun.png]
[pagead2.googlesyndication.com/pagead/js/f.txt]
[voicechanger.net/images/mixer-128.png]
[voicechanger.net/images/effects2.png]
[voicechanger.net/images/cassette-128.png]
[voicechanger.net/images/sounds2.png]
[voicechanger.net/images/mic-128.png]
[voicechanger.net/images/recording.png]
[voicechanger.net/images/headphones-128.png]
[voicechanger.net/images/speech.png]
[voicechanger.net/images/cable-128.png]
[voicechanger.net/cdn-cgi/l/email-protection.html]
[voicechanger.net/cdn-cgi/scripts/5c5dd728/cloudflare-static/email-decode.min.js]
[maxcdn.bootstrapcdn.com/bootstrap/3.2.0/js/bootstrap.min.js]
[ajax.aspnetcdn.com/ajax/jQuery/jquery-1.11.1.min.js]
[voicechanger.net/js/libs/jquery.easing.1.3.js]
[voicechanger.net/js/plugins/jquery.touchSwipe.min.js]
[voicechanger.net/js/plugins/jquery.placeholder.js]
[voicechanger.net/js/plugins/icheck.min.js]
[voicechanger.net/js/plugins/jquery.validate.min.js]
[voicechanger.net/js/plugins/gallery.js]
[voicechanger.net/js/plugins/jquery.fitvids.js]
[voicechanger.net/js/plugins/jquery.bxslider.min.js]
[voicechanger.net/js/plugins/waypoints.min.js]
[voicechanger.net/js/plugins/smoothscroll.js]
[voicechanger.net/js/landing2.js]
[www.google-analytics.com/analytics.js]
[voicechanger.net/index.html]
[maxcdn.bootstrapcdn.com/bootstrap/3.2.0/css/bootstrap.min.css]
[voicechanger.net/fonts/icomoon01b3.eot]
[voicechanger.net/fonts/icomoond41d.eot]
[cdn.paddle.com/paddle/paddle.js]
[voicechanger.net/fonts/icomoon.2801b3.delayed]
[voicechanger.net/fonts/icomoon01b3.ttf]
[voicechanger.net/css/icon-moon.css]
[maxcdn.bootstrapcdn.com/font-awesome/4.2.0/css/font-awesome.min.css]
[voicechanger.net/fonts/icomoon01b3.svg]
[voicechanger.net/img/forms/checkbox.png]
[voicechanger.net/img/forms/radio.png]
[voicechanger.net/img/bg-art.png]
[voicechanger.net/img/spinner.gif]
[voicechanger.net/css/style3.min.css]
[voicechanger.net/js/libs/modernizr.custom.js]
[voicechanger.net/index-2.html]
[voicechanger.net/images/-not-running.png]
[voicechanger.net/images/awaiting-authorization.png]
[voicechanger.net/images/allow-access.png]
[voicechanger.net/images/-api.png]
[voicechanger.net/images/attached.png]
[voicechanger.net/purchase.html]
[voicechanger.net/images/unlicensed.png]
[voicechanger.net/images/license-entry.png]
[voicechanger.net/images/thank-you.png]
[voicechanger.net/help.html]
[voicechanger.net/install/ClownfishVoiceChanger.zip]
[voicechanger.net/images/click-once-install.png]
[voicechanger.net/images/want-to-install.png]
[voicechanger.net/images/security-question.png]
[voicechanger.net/images/smartscreen.png]
[voicechanger.net/images/run-anyway.png]
[voicechanger.net/install.html]
[voicechanger.net/cdn-cgi/l/email-protection.html]
[voicechanger.net/js/libs/jquery.easing.1.3.js]
[voicechanger.net/js/plugins/jquery.touchSwipe.min.js]
[voicechanger.net/js/plugins/jquery.placeholder.js]
[voicechanger.net/js/plugins/icheck.min.js]
[voicechanger.net/js/plugins/jquery.validate.min.js]
[voicechanger.net/js/plugins/gallery.js]
[voicechanger.net/js/plugins/jquery.fitvids.js]
[voicechanger.net/js/plugins/jquery.bxslider.min.js]
[voicechanger.net/js/plugins/waypoints.min.js]
[voicechanger.net/js/plugins/smoothscroll.js]
[voicechanger.net/js/landing2.js]
[voicechanger.net/fonts/icomoon01b3.html]
[voicechanger.net/fonts/icomoon01b3.svg]
[voicechanger.net/index-2.html]
[voicechanger.net/eula.txt]
[voicechanger.net/purchase.html]
[voicechanger.net/install/index7706.html]
[voicechanger.net/install/index7706.html]
